// Jest Snapshot v1, https://goo.gl/fbAQLP

exports[`E2E: Issues Module Test Comment on Issues \`gh is 1 -c "test"\` 1`] = `
"Adding comment on issue #1
https://github.com/protoEvangelion/gh/issues/1#issuecomment-000000001
"
`;
