// Jest Snapshot v1, https://goo.gl/fbAQLP

exports[`E2E: Milestone Module Test List Milestones \`gh ms --list\` 1`] = `
"Listing milestones on protoEvangelion/gh
 Milestone 2 milestone 2 description @open (due 5 months ago)
 Milestone 1 milestone 1 description @open (due 5 months ago)
"
`;
